---
source: crates/tele_tokenizer/tests/basics.rs
assertion_line: 105
expression: tokenizer.tokenize()

---
Ok(
    [
        Token {
            token_type: CDC,
            start_pos: Pos {
                offset: 0,
                line: 1,
                column: 1,
            },
            end_pos: Pos {
                offset: 3,
                line: 1,
                column: 4,
            },
            content: "-->",
        },
        Token {
            token_type: EOF,
            start_pos: Pos {
                offset: 3,
                line: 1,
                column: 4,
            },
            end_pos: Pos {
                offset: 3,
                line: 1,
                column: 4,
            },
            content: "",
        },
    ],
)
