---
source: crates/tele_parser/tests/parse.rs
assertion_line: 66
expression: parser.parse()

---
Ok(
    StyleSheetNode {
        loc: Loc {
            start: Pos {
                offset: 0,
                line: 1,
                column: 1,
            },
            end: Pos {
                offset: 19,
                line: 1,
                column: 20,
            },
        },
        statements: [
            AtRule(
                AtRuleNode {
                    loc: Loc {
                        start: Pos {
                            offset: 2,
                            line: 1,
                            column: 3,
                        },
                        end: Pos {
                            offset: 18,
                            line: 1,
                            column: 19,
                        },
                    },
                    name: "charset",
                    prelude: "urf-8",
                    block: [],
                },
            ),
        ],
    },
)
